// Jest Snapshot v1, https://goo.gl/fbAQLP

exports[`default cart empty button 1`] = `
Array [
  <div
    className="CartEmptyMessage__EmptyMessage-sc-1id9lm8-1 ewCShd"
  >
    Your shopping cart is empty.
  </div>,
  <div
    className="CartEmptyMessage__EmptyButton-sc-1id9lm8-0 dkYakX"
  >
    <div
      className="Button__ButtonDiv-sc-1uv0dul-0 eJQQVb"
      onClick={[Function]}
      onKeyPress={[Function]}
      role="button"
      tabIndex={0}
    >
      <div>
        Continue shopping
      </div>
      <div
        className="Button__SpinnerWrap-sc-1uv0dul-1 bGKnNK"
        style={
          Object {
            "opacity": 0,
            "paddingLeft": 0,
            "width": 0,
          }
        }
      />
    </div>
  </div>,
]
`;
