// Jest Snapshot v1, https://goo.gl/fbAQLP

exports[`renders 1`] = `
<div
  className="TextInput__InputWrapper-sc-14yowh4-0 kMIpag"
  value=""
>
  <input
    className="TextInput__StyledInput-sc-14yowh4-1 eYIAmU"
    name="test"
    onBlur={[Function]}
    onChange={[Function]}
    onFocus={[Function]}
    onKeyPress={[Function]}
    readOnly={false}
    type="text"
    value=""
  />
</div>
`;
