// Jest Snapshot v1, https://goo.gl/fbAQLP

exports[`basic snapshot with only the components and required props should render a TextInput 1`] = `"TextInput({\\"name\\":\\"region\\"})"`;
