// Jest Snapshot v1, https://goo.gl/fbAQLP

exports[`Link component with image snapshot 1`] = `
<a
  className="Link__UnstyledLinkHref-bu3n8q-0 kAIjeb"
  href="http://google.com"
  onClick={[Function]}
>
  <img
    alt="Reaction Storefront Component Library Logo"
    height="200"
    src="/storefront-component-library-logo.svg"
    width="200"
  />
</a>
`;
