// Jest Snapshot v1, https://goo.gl/fbAQLP

exports[`Displays error warning about required props 1`] = `undefined`;
