// Jest Snapshot v1, https://goo.gl/fbAQLP

exports[`BadgeOverlay with sold out primary badge 1`] = `
<div
  className="BadgeOverlay__Overlay-oswq0p-2 hWwCBE"
>
  <div
    className="BadgeOverlay__PrimaryBadge-oswq0p-0 iMAakG"
    type="SOLD_OUT"
  >
    <span
      className="BadgeOverlay__BadgeLabel-oswq0p-3 UClWP"
    >
      Sold Out
    </span>
  </div>
  <img
    alt="Reaction Storefront Component Library logo"
    height="200"
    src="/storefront-component-library-logo.svg"
    width="200"
  />
</div>
`;
